// Jest Snapshot v1, https://goo.gl/fbAQLP

exports[`should match snapshot 1`] = `
<DocumentFragment>
  <form
    class=""
  >
    <div
      class="form-group"
    >
      <label
        class=""
        for="username"
      >
        Username
      </label>
      <input
        class="form-control"
        id="username"
        name="username"
        type="username"
        value="testuser"
      />
    </div>
    <div
      class="form-group"
    >
      <label
        class=""
        for="password"
      >
        Password
      </label>
      <input
        class="form-control"
        id="password"
        name="password"
        type="password"
        value="password"
      />
    </div>
    <button
      class="btn btn-primary"
      type="button"
    >
      Submit
    </button>
  </form>
</DocumentFragment>
`;
