// Jest Snapshot v1, https://goo.gl/fbAQLP

exports[`should match snapshot 1`] = `
<DocumentFragment>
  <form
    class=""
  >
    <div
      class="form-group"
    >
      <label
        class=""
        for="username"
      >
        Username
      </label>
      <input
        class="form-control"
        id="username"
        name="username"
        type="text"
        value=""
      />
    </div>
    <div
      class="form-group"
    >
      <label
        class=""
        for="password"
      >
        Password
      </label>
      <input
        class="form-control"
        id="password"
        name="password"
        type="password"
        value=""
      />
    </div>
    <div
      class="form-group"
    >
      <label
        class=""
        for="firstname"
      >
        First name
      </label>
      <input
        class="form-control"
        id="firstname"
        name="firstName"
        type="text"
        value=""
      />
    </div>
    <div
      class="form-group"
    >
      <label
        class=""
        for="lastname"
      >
        Last name
      </label>
      <input
        class="form-control"
        id="lastname"
        name="lastName"
        type="text"
        value=""
      />
    </div>
    <div
      class="form-group"
    >
      <label
        class=""
        for="email"
      >
        Email
      </label>
      <input
        class="form-control"
        id="email"
        name="email"
        type="email"
        value=""
      />
    </div>
    <div
      class="form-group"
    >
      <label
        class=""
        for="profileImg"
      >
        Profile Image
      </label>
      <input
        class="form-control"
        id="profileImg"
        name="profileImg"
        type="text"
        value=""
      />
    </div>
    <button
      class="btn btn-primary"
      type="button"
    >
      Submit
    </button>
  </form>
</DocumentFragment>
`;
