// Jest Snapshot v1, https://goo.gl/fbAQLP

exports[`should match snapshot for anonymous user 1`] = `
<DocumentFragment>
  <div>
    <p>
      You need an account to access this page.
    </p>
    <p>
      Have an account already? 
      <a
        href="/login"
      >
        Login!
      </a>
    </p>
    <p>
      Otherwise, 
      <a
        href="/register"
      >
        Register here
      </a>
      .
    </p>
  </div>
</DocumentFragment>
`;

exports[`should match snapshot if logged in 1`] = `
<DocumentFragment>
  <table
    class="table"
  >
    <tbody>
      <tr>
        <td>
          <button
            class="btn btn-info"
            type="button"
          >
            Find Product
          </button>
        </td>
      </tr>
    </tbody>
  </table>
</DocumentFragment>
`;
